Last login: Mon Aug 15 11:25:42 on ttys003
macbookpro@MacBooks-MacBook-Pro cmdline.txt % cd
macbookpro@MacBooks-MacBook-Pro ~ % ls
Applications		Library			Public
Desktop			Movies			b2b-web-customer
Documents		Music
Downloads		Pictures
macbookpro@MacBooks-MacBook-Pro ~ % cp
usage: cp [-R [-H | -L | -P]] [-fi | -n] [-apvXc] source_file target_file
       cp [-R [-H | -L | -P]] [-fi | -n] [-apvXc] source_file ... target_directory
macbookpro@MacBooks-MacBook-Pro ~ % mv
usage: mv [-f | -i | -n] [-v] source target
       mv [-f | -i | -n] [-v] source ... directory
macbookpro@MacBooks-MacBook-Pro ~ % touch
usage:
touch [-A [-][[hh]mm]SS] [-acfhm] [-r file] [-t [[CC]YY]MMDDhhmm[.SS]] file ...
macbookpro@MacBooks-MacBook-Pro ~ % mkdir
usage: mkdir [-pv] [-m mode] directory ...
macbookpro@MacBooks-MacBook-Pro ~ % rmdir
usage: rmdir [-p] directory ...
macbookpro@MacBooks-MacBook-Pro ~ % rm-R
zsh: command not found: rm-R
macbookpro@MacBooks-MacBook-Pro ~ %  rm -R
usage: rm [-f | -i] [-dPRrvW] file ...
       unlink file
macbookpro@MacBooks-MacBook-Pro ~ % sudo
usage: sudo -h | -K | -k | -V
usage: sudo -v [-AknS] [-g group] [-h host] [-p prompt] [-u user]
usage: sudo -l [-AknS] [-g group] [-h host] [-p prompt] [-U user] [-u user]
            [command]
usage: sudo [-AbEHknPS] [-C num] [-D directory] [-g group] [-h host] [-p
            prompt] [-R directory] [-T timeout] [-u user] [VAR=value] [-i|-s]
            [<command>]
usage: sudo -e [-AknS] [-C num] [-D directory] [-g group] [-h host] [-p prompt]
            [-R directory] [-T timeout] [-u user] file ...
macbookpro@MacBooks-MacBook-Pro ~ % top
macbookpro@MacBooks-MacBook-Pro ~ % ditto
Usage: ditto [ <options> ] src [ ... src ] dst

    <options> are any of:
    -h                         print full usage
    -v                         print a line of status for each source copied
    -V                         print a line of status for every file copied
    -X                         do not descend into directories with a different device ID

    -c                         create an archive at dst (by default CPIO format)
    -x                         src(s) are archives
    -z                         gzip compress CPIO archive
    -j                         bzip2 compress CPIO archive
    -k                         archives are PKZip
    --keepParent               parent directory name src is embedded in dst_archive
    --arch archVal             fat files will be thinned to archVal
                               multiple -arch options can be specified
                               archVal should be one of "ppc", "i386", etc
    --bom bomFile              only objects present in bomFile are copied
    --norsrc                   don't preserve resource data
    --noextattr                don't preserve extended attributes
    --noqtn                    don't preserve quarantine information
    --noacl                    don't preserve ACLs
    --sequesterRsrc            copy resources via polite directory (PKZip only)
    --nocache                  don't use filesystem cache for reads/writes
    --hfsCompression           compress files at destination if appropriate
    --nopreserveHFSCompression don't preserve HFS+ compression when copying files
    --zlibCompressionLevel num use compression level 'num' when creating a PKZip archive
    --password                 request password for reading from encrypted PKZip archive
macbookpro@MacBooks-MacBook-Pro ~ % whatis
usage: whatis keyword ...
macbookpro@MacBooks-MacBook-Pro ~ % man
What manual page do you want?
macbookpro@MacBooks-MacBook-Pro ~ % exit

[Process completed]

